npm warn config production Use `--omit=dev` instead.

> copy-of-smart-crop-guidance-system@0.0.0 build
> vite build

[36mvite v6.4.1 [32mbuilding for production...[36m[39m

/index.css doesn't exist at build time, it will remain unchanged to be resolved at runtime
transforming...
[32mΓ£ô[39m 1875 modules transformed.
Γ£ù Build failed in 1.99s
error during build:
[vite]: Rollup failed to resolve import "react-is" from "C:/Users/fahem/Documents/s7 main/project/copy-of-smart-crop-guidance-system/node_modules/recharts/es6/util/ReactUtils.js".
This is most likely unintended because it can break your application at runtime.
If you do want to externalize this module explicitly add it to
`build.rollupOptions.external`
    at viteLog (file:///C:/Users/fahem/Documents/s7%20main/project/copy-of-smart-crop-guidance-system/node_modules/vite/dist/node/chunks/dep-D4NMHUTW.js:46374:15)
    at file:///C:/Users/fahem/Documents/s7%20main/project/copy-of-smart-crop-guidance-system/node_modules/vite/dist/node/chunks/dep-D4NMHUTW.js:46432:18
    at onwarn (file:///C:/Users/fahem/Documents/s7%20main/project/copy-of-smart-crop-guidance-system/node_modules/@vitejs/plugin-react/dist/index.js:76:7)
    at file:///C:/Users/fahem/Documents/s7%20main/project/copy-of-smart-crop-guidance-system/node_modules/vite/dist/node/chunks/dep-D4NMHUTW.js:46430:7
    at onRollupLog (file:///C:/Users/fahem/Documents/s7%20main/project/copy-of-smart-crop-guidance-system/node_modules/vite/dist/node/chunks/dep-D4NMHUTW.js:46422:5)
    at onLog (file:///C:/Users/fahem/Documents/s7%20main/project/copy-of-smart-crop-guidance-system/node_modules/vite/dist/node/chunks/dep-D4NMHUTW.js:46072:7)
    at file:///C:/Users/fahem/Documents/s7%20main/project/copy-of-smart-crop-guidance-system/node_modules/rollup/dist/es/shared/node-entry.js:20961:32
    at Object.logger [as onLog] (file:///C:/Users/fahem/Documents/s7%20main/project/copy-of-smart-crop-guidance-system/node_modules/rollup/dist/es/shared/node-entry.js:22848:9)
    at ModuleLoader.handleInvalidResolvedId (file:///C:/Users/fahem/Documents/s7%20main/project/copy-of-smart-crop-guidance-system/node_modules/rollup/dist/es/shared/node-entry.js:21592:26)
    at file:///C:/Users/fahem/Documents/s7%20main/project/copy-of-smart-crop-guidance-system/node_modules/rollup/dist/es/shared/node-entry.js:21550:26
