============================= test session starts =============================
platform win32 -- Python 3.14.0, pytest-9.0.2, pluggy-1.6.0 -- C:\Users\fahem\Documents\s7 main\study material\copy-of-smart-crop-guidance-system\venv\Scripts\python.exe
cachedir: .pytest_cache
rootdir: C:\Users\fahem\Documents\s7 main\study material\copy-of-smart-crop-guidance-system
plugins: cov-7.0.0
collecting ... collected 25 items

backend/tests/test_app.py::test_predict_success PASSED                   [  4%]
backend/tests/test_app.py::test_predict_missing_fields PASSED            [  8%]
backend/tests/test_app.py::test_predict_invalid_data PASSED              [ 12%]
backend/tests/test_app.py::test_predict_yield_success FAILED             [ 16%]
backend/tests/test_app.py::test_predict_yield_missing_fields PASSED      [ 20%]
backend/tests/test_app.py::test_feature_recommendations PASSED           [ 24%]
backend/tests/test_app.py::test_crop_optimal_conditions PASSED           [ 28%]
backend/tests/test_app.py::test_no_auth PASSED                           [ 32%]
backend/tests/test_auth.py::test_register_success PASSED                 [ 36%]
backend/tests/test_auth.py::test_register_missing_data PASSED            [ 40%]
backend/tests/test_auth.py::test_register_invalid_email PASSED           [ 44%]
backend/tests/test_auth.py::test_register_invalid_password PASSED        [ 48%]
backend/tests/test_auth.py::test_register_duplicate_username PASSED      [ 52%]
backend/tests/test_auth.py::test_login_success PASSED                    [ 56%]
backend/tests/test_auth.py::test_login_failure PASSED                    [ 60%]
backend/tests/test_auth.py::test_protected_route_me PASSED               [ 64%]
backend/tests/test_auth.py::test_logout PASSED                           [ 68%]
backend/tests/test_auth.py::test_history PASSED                          [ 72%]
backend/tests/test_health.py::test_health_route PASSED                   [ 76%]
backend/tests/test_health.py::test_invalid_route PASSED                  [ 80%]
backend/tests/test_health.py::test_input_constraints PASSED              [ 84%]
backend/tests/test_price_prediction.py::test_predict_price_success PASSED [ 88%]
backend/tests/test_price_prediction.py::test_predict_price_missing_days PASSED [ 92%]
backend/tests/test_price_prediction.py::test_predict_price_invalid_days PASSED [ 96%]
backend/tests/test_price_prediction.py::test_predict_price_negative_days PASSED [100%]

================================== FAILURES ===================================
_________________________ test_predict_yield_success __________________________

client = <FlaskClient <Flask 'backend.app'>>
auth_token = 'eyJhbGciOiJIUzI1NiIsInR5cCI6IkpXVCJ9.eyJmcmVzaCI6ZmFsc2UsImlhdCI6MTc3NDQxNDU4MywianRpIjoiMmU2ZmY3MzUtZjg0Yi00MWYyLWFh...I3YWFlODljYS02NDEyLTQ4ODUtOWMwMS04MGI5NDYxMjI1YzMiLCJleHAiOjE3NzQ0MTU0ODN9.Cel4DrxZGfrIngGrrqG_cLEzXNZMhcrTA3NeKkbXEAg'

    def test_predict_yield_success(client, auth_token):
        headers = {'Authorization': f'Bearer {auth_token}'}
        response = client.post('/predict-yield', json={
            'crop': 'rice',
            'season': 'Kharif',
            'state': 'Punjab',
            'rainfall': 1000,
            'fertilizer': 150,
            'pesticide': 10,
            'area': 50,
            'year': 2023
        }, headers=headers)
>       assert response.status_code in (200, 500, 503)
E       assert 400 in (200, 500, 503)
E        +  where 400 = <WrapperTestResponse streamed [400 BAD REQUEST]>.status_code

backend\tests\test_app.py:84: AssertionError
------------------------------ Captured log call ------------------------------
WARNING  backend.app:app.py:489 Invalid categorical value: y contains previously unseen labels: 'rice'
============================== warnings summary ===============================
..\..\..\..\..\..\Python314\Lib\pickle.py:1835
  C:\Python314\Lib\pickle.py:1835: UserWarning: [10:26:20] WARNING: C:\actions-runner\_work\xgboost\xgboost\src\gbm\../common/error_msg.h:83: If you are loading a serialized model (like pickle in Python, RDS in R) or
  configuration generated by an older version of XGBoost, please export the model by calling
  `Booster.save_model` from that version first, then load it back in current version. See:
  
      https://xgboost.readthedocs.io/en/stable/tutorials/saving_model.html
  
  for more details about differences between saving model and serializing.
  
    setstate(state)

backend/tests/test_app.py: 11 warnings
backend/tests/test_auth.py: 14 warnings
  C:\Users\fahem\Documents\s7 main\study material\copy-of-smart-crop-guidance-system\venv\Lib\site-packages\sqlalchemy\sql\schema.py:3624: DeprecationWarning: datetime.datetime.utcnow() is deprecated and scheduled for removal in a future version. Use timezone-aware objects to represent datetimes in UTC: datetime.datetime.now(datetime.UTC).
    return util.wrap_callable(lambda ctx: fn(), fn)  # type: ignore

backend/tests/test_auth.py::test_protected_route_me
  C:\Users\fahem\Documents\s7 main\study material\copy-of-smart-crop-guidance-system\backend\auth.py:126: LegacyAPIWarning: The Query.get() method is considered legacy as of the 1.x series of SQLAlchemy and becomes a legacy construct in 2.0. The method is now available as Session.get() (deprecated since: 2.0) (Background on SQLAlchemy 2.0 at: https://sqlalche.me/e/b8d9)
    user = User.query.get(user_id)

backend/tests/test_auth.py::test_history
  C:\Users\fahem\Documents\s7 main\study material\copy-of-smart-crop-guidance-system\backend\auth.py:143: LegacyAPIWarning: The Query.get() method is considered legacy as of the 1.x series of SQLAlchemy and becomes a legacy construct in 2.0. The method is now available as Session.get() (deprecated since: 2.0) (Background on SQLAlchemy 2.0 at: https://sqlalche.me/e/b8d9)
    user = User.query.get(user_id)

-- Docs: https://docs.pytest.org/en/stable/how-to/capture-warnings.html
=========================== short test summary info ===========================
FAILED backend/tests/test_app.py::test_predict_yield_success - assert 400 in ...
================= 1 failed, 24 passed, 28 warnings in 22.85s ==================
